Exception ignored in: <Finalize object, dead>
Traceback (most recent call last):
  File "/home/local.isima.fr/snjagannat/miniforge3/envs/ssp_env/lib/python3.10/multiprocessing/util.py", line 224, in __call__
    res = self._callback(*self._args, **self._kwargs)
  File "/home/local.isima.fr/snjagannat/miniforge3/envs/ssp_env/lib/python3.10/multiprocessing/synchronize.py", line 87, in _cleanup
    sem_unlink(name)
FileNotFoundError: [Errno 2] No such file or directory
Exception ignored in: <Finalize object, dead>
Traceback (most recent call last):
  File "/home/local.isima.fr/snjagannat/miniforge3/envs/ssp_env/lib/python3.10/multiprocessing/util.py", line 224, in __call__
    res = self._callback(*self._args, **self._kwargs)
  File "/home/local.isima.fr/snjagannat/miniforge3/envs/ssp_env/lib/python3.10/multiprocessing/synchronize.py", line 87, in _cleanup
    sem_unlink(name)
FileNotFoundError: [Errno 2] No such file or directory
Exception ignored in: <Finalize object, dead>
Traceback (most recent call last):
  File "/home/local.isima.fr/snjagannat/miniforge3/envs/ssp_env/lib/python3.10/multiprocessing/util.py", line 224, in __call__
    res = self._callback(*self._args, **self._kwargs)
  File "/home/local.isima.fr/snjagannat/miniforge3/envs/ssp_env/lib/python3.10/multiprocessing/synchronize.py", line 87, in _cleanup
    sem_unlink(name)
FileNotFoundError: [Errno 2] No such file or directory
/home/local.isima.fr/snjagannat/miniforge3/envs/ssp_env/lib/python3.10/multiprocessing/resource_tracker.py:224: UserWarning: resource_tracker: There appear to be 3 leaked semaphore objects to clean up at shutdown
  warnings.warn('resource_tracker: There appear to be %d '
/home/local.isima.fr/snjagannat/miniforge3/envs/ssp_env/lib/python3.10/multiprocessing/resource_tracker.py:237: UserWarning: resource_tracker: '/mp-o03ld0c3': [Errno 2] No such file or directory
  warnings.warn('resource_tracker: %r: %s' % (name, e))
/home/local.isima.fr/snjagannat/miniforge3/envs/ssp_env/lib/python3.10/multiprocessing/resource_tracker.py:237: UserWarning: resource_tracker: '/mp-hp_jvu81': [Errno 2] No such file or directory
  warnings.warn('resource_tracker: %r: %s' % (name, e))
/home/local.isima.fr/snjagannat/miniforge3/envs/ssp_env/lib/python3.10/multiprocessing/resource_tracker.py:237: UserWarning: resource_tracker: '/mp-qchdswic': [Errno 2] No such file or directory
  warnings.warn('resource_tracker: %r: %s' % (name, e))
